
Cat8kv#
Cat8kv#terminal length 0
Cat8kv#
Cat8kv#show version
Cisco IOS XE Software, Version 17.15.04c
Cisco IOS Software [IOSXE], Virtual XE Software (X86_64_LINUX_IOSD-UNIVERSALK9-M), Version 17.15.4c, RELEASE SOFTWARE (fc2)
Technical Support: http://www.cisco.com/techsupport
Copyright (c) 1986-2025 by Cisco Systems, Inc.
Compiled Fri 26-Sep-25 09:24 by mcpre


Cisco IOS-XE software, Copyright (c) 2005-2025 by cisco Systems, Inc.
All rights reserved.  Certain components of Cisco IOS-XE software are
licensed under the GNU General Public License ("GPL") Version 2.0.  The
software code licensed under GPL Version 2.0 is free software that comes
with ABSOLUTELY NO WARRANTY.  You can redistribute and/or modify such
GPL code under the terms of GPL Version 2.0.  For more details, see the
documentation or "License Notice" file accompanying the IOS-XE software,
or the applicable URL provided on the flyer accompanying the IOS-XE
software.


ROM: IOS-XE ROMMON

Cat8kv uptime is 4 minutes
Uptime for this control processor is 5 minutes
System returned to ROM by reload
System image file is "bootflash:packages.conf"
Last reload reason: reload



This product contains cryptographic features and is subject to United
States and local country laws governing import, export, transfer and
use. Delivery of Cisco cryptographic products does not imply
third-party authority to import, export, distribute or use encryption.
Importers, exporters, distributors and users are responsible for
compliance with U.S. and local country laws. By using this product you
agree to comply with applicable laws and regulations. If you are unable
to comply with U.S. and local laws, return this product immediately.

A summary of U.S. laws governing Cisco cryptographic products may be found at:
http://www.cisco.com/wwl/export/crypto/tool/stqrg.html

If you require further assistance please contact us by sending email to
export@cisco.com.

License Level: 
License Type: Perpetual
Next reload license Level: 

Addon License Level: 
Addon License Type: Subscription
Next reload addon license Level: 

The current throughput level is 20000 kbps 


Smart Licensing Status: Smart Licensing Using Policy

cisco C8000V (VXE) processor (revision VXE) with 1655530K/3075K bytes of memory.
Processor board ID 9XLWRY40A2V
Router operating mode: Autonomous
3 Gigabit Ethernet interfaces
32768K bytes of non-volatile configuration memory.
3959740K bytes of physical memory.
11526144K bytes of virtual hard disk at bootflash:.

Configuration register is 0x2102

Cat8kv#
Cat8kv#show version
Cisco IOS XE Software, Version 17.15.04c
Cisco IOS Software [IOSXE], Virtual XE Software (X86_64_LINUX_IOSD-UNIVERSALK9-M), Version 17.15.4c, RELEASE SOFTWARE (fc2)
Technical Support: http://www.cisco.com/techsupport
Copyright (c) 1986-2025 by Cisco Systems, Inc.
Compiled Fri 26-Sep-25 09:24 by mcpre


Cisco IOS-XE software, Copyright (c) 2005-2025 by cisco Systems, Inc.
All rights reserved.  Certain components of Cisco IOS-XE software are
licensed under the GNU General Public License ("GPL") Version 2.0.  The
software code licensed under GPL Version 2.0 is free software that comes
with ABSOLUTELY NO WARRANTY.  You can redistribute and/or modify such
GPL code under the terms of GPL Version 2.0.  For more details, see the
documentation or "License Notice" file accompanying the IOS-XE software,
or the applicable URL provided on the flyer accompanying the IOS-XE
software.


ROM: IOS-XE ROMMON

Cat8kv uptime is 4 minutes
Uptime for this control processor is 5 minutes
System returned to ROM by reload
System image file is "bootflash:packages.conf"
Last reload reason: reload



This product contains cryptographic features and is subject to United
States and local country laws governing import, export, transfer and
use. Delivery of Cisco cryptographic products does not imply
third-party authority to import, export, distribute or use encryption.
Importers, exporters, distributors and users are responsible for
compliance with U.S. and local country laws. By using this product you
agree to comply with applicable laws and regulations. If you are unable
to comply with U.S. and local laws, return this product immediately.

A summary of U.S. laws governing Cisco cryptographic products may be found at:
http://www.cisco.com/wwl/export/crypto/tool/stqrg.html

If you require further assistance please contact us by sending email to
export@cisco.com.

License Level: 
License Type: Perpetual
Next reload license Level: 

Addon License Level: 
Addon License Type: Subscription
Next reload addon license Level: 

The current throughput level is 20000 kbps 


Smart Licensing Status: Smart Licensing Using Policy

cisco C8000V (VXE) processor (revision VXE) with 1655530K/3075K bytes of memory.
Processor board ID 9XLWRY40A2V
Router operating mode: Autonomous
3 Gigabit Ethernet interfaces
32768K bytes of non-volatile configuration memory.
3959740K bytes of physical memory.
11526144K bytes of virtual hard disk at bootflash:.

Configuration register is 0x2102

Cat8kv#
Cat8kv#show clock
*14:17:11.837 UTC Thu Sep 24 2026
Cat8kv#
Cat8kv#show bogus-command
              ^
% Invalid input detected at '^' marker.

Cat8kv#
Cat8kv#show ip
% Incomplete command.

Cat8kv#
Cat8kv#show i
% Ambiguous command:  "show i"
Cat8kv#
Cat8kv#show bogus-command
              ^
% Invalid input detected at '^' marker.

Cat8kv#
Cat8kv#show clock
*14:17:19.078 UTC Thu Sep 24 2026
Cat8kv#
Cat8kv#show version
Cisco IOS XE Software, Version 17.15.04c
Cisco IOS Software [IOSXE], Virtual XE Software (X86_64_LINUX_IOSD-UNIVERSALK9-M), Version 17.15.4c, RELEASE SOFTWARE (fc2)
Technical Support: http://www.cisco.com/techsupport
Copyright (c) 1986-2025 by Cisco Systems, Inc.
Compiled Fri 26-Sep-25 09:24 by mcpre


Cisco IOS-XE software, Copyright (c) 2005-2025 by cisco Systems, Inc.
All rights reserved.  Certain components of Cisco IOS-XE software are
licensed under the GNU General Public License ("GPL") Version 2.0.  The
software code licensed under GPL Version 2.0 is free software that comes
with ABSOLUTELY NO WARRANTY.  You can redistribute and/or modify such
GPL code under the terms of GPL Version 2.0.  For more details, see the
documentation or "License Notice" file accompanying the IOS-XE software,
or the applicable URL provided on the flyer accompanying the IOS-XE
software.


ROM: IOS-XE ROMMON

Cat8kv uptime is 4 minutes
Uptime for this control processor is 6 minutes
System returned to ROM by reload
System image file is "bootflash:packages.conf"
Last reload reason: reload



This product contains cryptographic features and is subject to United
States and local country laws governing import, export, transfer and
use. Delivery of Cisco cryptographic products does not imply
third-party authority to import, export, distribute or use encryption.
Importers, exporters, distributors and users are responsible for
compliance with U.S. and local country laws. By using this product you
agree to comply with applicable laws and regulations. If you are unable
to comply with U.S. and local laws, return this product immediately.

A summary of U.S. laws governing Cisco cryptographic products may be found at:
http://www.cisco.com/wwl/export/crypto/tool/stqrg.html

If you require further assistance please contact us by sending email to
export@cisco.com.

License Level: 
License Type: Perpetual
Next reload license Level: 

Addon License Level: 
Addon License Type: Subscription
Next reload addon license Level: 

The current throughput level is 20000 kbps 


Smart Licensing Status: Smart Licensing Using Policy

cisco C8000V (VXE) processor (revision VXE) with 1655530K/3075K bytes of memory.
Processor board ID 9XLWRY40A2V
Router operating mode: Autonomous
3 Gigabit Ethernet interfaces
32768K bytes of non-volatile configuration memory.
3959740K bytes of physical memory.
11526144K bytes of virtual hard disk at bootflash:.

Configuration register is 0x2102

Cat8kv#
Cat8kv#terminal length 10
Cat8kv#
Cat8kv#show version
Cisco IOS XE Software, Version 17.15.04c
Cisco IOS Software [IOSXE], Virtual XE Software (X86_64_LINUX_IOSD-UNIVERSALK9-M), Version 17.15.4c, RELEASE SOFTWARE (fc2)
Technical Support: http://www.cisco.com/techsupport
Copyright (c) 1986-2025 by Cisco Systems, Inc.
Compiled Fri 26-Sep-25 09:24 by mcpre


Cisco IOS-XE software, Copyright (c) 2005-2025 by cisco Systems, Inc.
All rights reserved.  Certain components of Cisco IOS-XE software are
licensed under the GNU General Public License ("GPL") Version 2.0.  The
software code licensed under GPL Version 2.0 is free software that comes
with ABSOLUTELY NO WARRANTY.  You can redistribute and/or modify such
GPL code under the terms of GPL Version 2.0.  For more details, see the
documentation or "License Notice" file accompanying the IOS-XE software,
or the applicable URL provided on the flyer accompanying the IOS-XE
software.


ROM: IOS-XE ROMMON

Cat8kv uptime is 4 minutes
Uptime for this control processor is 6 minutes
System returned to ROM by reload
System image file is "bootflash:packages.conf"
Last reload reason: reload


          
This product contains cryptographic features and is subject to United
States and local country laws governing import, export, transfer and
use. Delivery of Cisco cryptographic products does not imply
third-party authority to import, export, distribute or use encryption.
Importers, exporters, distributors and users are responsible for
compliance with U.S. and local country laws. By using this product you
agree to comply with applicable laws and regulations. If you are unable
to comply with U.S. and local laws, return this product immediately.
          
A summary of U.S. laws governing Cisco cryptographic products may be found at:
http://www.cisco.com/wwl/export/crypto/tool/stqrg.html

If you require further assistance please contact us by sending email to
export@cisco.com.

License Level: 
License Type: Perpetual
Next reload license Level: 

Addon License Level: 
Addon License Type: Subscription
Next reload addon license Level: 

The current throughput level is 20000 kbps 


Smart Licensing Status: Smart Licensing Using Policy

cisco C8000V (VXE) processor (revision VXE) with 1655530K/3075K bytes of memory.
Processor board ID 9XLWRY40A2V
Router operating mode: Autonomous
3 Gigabit Ethernet interfaces
32768K bytes of non-volatile configuration memory.
3959740K bytes of physical memory.
11526144K bytes of virtual hard disk at bootflash:.
          
Configuration register is 0x2102

Cat8kv#
Cat8kv#show clock
*14:17:26.692 UTC Thu Sep 24 2026
Cat8kv#
Cat8kv#terminal length 0
Cat8kv#
Cat8kv#show clock
*14:17:29.902 UTC Thu Sep 24 2026
Cat8kv#
Cat8kv#
Cat8kv#show clock
*14:17:36.326 UTC Thu Sep 24 2026
Cat8kv#
Cat8kv#ping 192.168.1.2
Type escape sequence to abort.
Sending 5, 100-byte ICMP Echos to 192.168.1.2, timeout is 2 seconds:
.....
Success rate is 0 percent (0/5)
Cat8kv#
Cat8kv#ping 192.168.1.1
Type escape sequence to abort.
Sending 5, 100-byte ICMP Echos to 192.168.1.1, timeout is 2 seconds:
.....
Success rate is 0 percent (0/5)
Cat8kv#
Cat8kv#ping 10.10.20.148
Type escape sequence to abort.
Sending 5, 100-byte ICMP Echos to 10.10.20.148, timeout is 2 seconds:
!!!!!
Success rate is 100 percent (5/5), round-trip min/avg/max = 1/2/10 ms
Cat8kv#
Cat8kv#ping 10.10.20.254
Type escape sequence to abort.
Sending 5, 100-byte ICMP Echos to 10.10.20.254, timeout is 2 seconds:
!!!!!
Success rate is 100 percent (5/5), round-trip min/avg/max = 1/1/1 ms
Cat8kv#
Cat8kv#ping 192.168.1.99
Type escape sequence to abort.
Sending 5, 100-byte ICMP Echos to 192.168.1.99, timeout is 2 seconds:
.....
Success rate is 0 percent (0/5)
Cat8kv#
Cat8kv#ping 192.168.1.111
Type escape sequence to abort.
Sending 5, 100-byte ICMP Echos to 192.168.1.111, timeout is 2 seconds:
.....
Success rate is 0 percent (0/5)
Cat8kv#
Cat8kv#ping 192.168.1.2
Type escape sequence to abort.
Sending 5, 100-byte ICMP Echos to 192.168.1.2, timeout is 2 seconds:
.....
Success rate is 0 percent (0/5)
Cat8kv#
Cat8kv#show clock
*14:18:39.928 UTC Thu Sep 24 2026
Cat8kv#
Cat8kv#ping 192.168.1.99
Type escape sequence to abort.
Sending 5, 100-byte ICMP Echos to 192.168.1.99, timeout is 2 seconds:
.....
Success rate is 0 percent (0/5)
Cat8kv#
Cat8kv#show clock
*14:18:53.104 UTC Thu Sep 24 2026
Cat8kv#
Cat8kv#show clock
*14:18:54.706 UTC Thu Sep 24 2026
Cat8kv#    
Cat8kv#
Cat8kv#
Cat8kv#
Cat8kv#show clock
*14:22:39.148 UTC Thu Sep 24 2026
Cat8kv#exit
